// Jest Snapshot v1, https://goo.gl/fbAQLP

exports[`ScrollToTop should render ScrollToTop correctly 1`] = `
<ContextConsumer>
  <Component />
</ContextConsumer>
`;
