// Jest Snapshot v1, https://goo.gl/fbAQLP

exports[`ComicDetails should render ComicDetails correctly 1`] = `
<Container
  className="ComicDetails"
  fluid={true}
>
  <div
    className="ComicDetails__link"
  >
    <Link
      to="/comics"
    >
      <IoIosArrowBack />
      <span>
        Back to collection
      </span>
    </Link>
  </div>
  <div
    className="ComicDetails__comicWrapper"
  >
    <div
      className="ComicDetails__image"
    >
      <img
        alt="test-name"
      />
    </div>
    <div
      className="ComicDetails__comic"
    >
      <div
        className="ComicDetails__name"
      >
        <h1>
           
          test-name
           (
          )
           
        </h1>
        <div
          className="ComicDetails__ratings"
        >
          <img
            alt="3 star"
            key="0"
            src="full_star.svg"
          />
          <img
            alt="3 star"
            key="1"
            src="full_star.svg"
          />
          <img
            alt="3 star"
            key="2"
            src="full_star.svg"
          />
          <img
            alt="3 star"
            key="0"
            src="empty_star.png"
          />
          <img
            alt="3 star"
            key="1"
            src="empty_star.png"
          />
        </div>
      </div>
      <div
        className="ComicDetails__info"
      >
        <div>
          Writer: 
          <span />
        </div>
        <div>
          Artist: 
          <span />
        </div>
        <div>
          Publication: 
          <span />
        </div>
        <div>
          Owner: 
          <span />
           
        </div>
      </div>
      <div
        className="ComicDetails__summary"
      />
    </div>
  </div>
  <hr
    className="separator"
  />
  <h3>
    Other Random Books
  </h3>
  <ComicsList
    comics={Array []}
  />
</Container>
`;
